<aaa><bbb>woh</bbb><fff/></aaa>
<bbb>woh</bbb>
<bbb>777</bbb>
