<aaa xmlns:bb="uri">
   <bbb bb:aaa="ccc"/><ccc/><ddd/>
</aaa>
