<aaa><bbb bb:aaa="ccc" xmlns:bb="aaa"/><ccc/><ddd/></aaa>
