<book><title>TCP/IP Illustrated</title><price>65.95</price></book>
<book><title>Data on the Web</title><price>34.95</price></book>
