<aaa><bbb>woh<ccc/></bbb><fff/></aaa>
<bbb>777</bbb>
<ccc>777</ccc>
<aaa>777</aaa>
<bbb>777</bbb>
<ccc>777</ccc>
