<aaa><bbb>woh<ccc/></bbb><fff/></aaa>
<bbb><ddd>eee</ddd></bbb>
<ccc/>
<aaa><bbb>woh<ccc/></bbb><fff/></aaa>
<bbb><ddd>eee</ddd></bbb>
<ccc>777</ccc>
<aaa>777</aaa>
<bbb><ddd>eee</ddd></bbb>
<ccc/>
<aaa>777</aaa>
<bbb><ddd>eee</ddd></bbb>
<ccc>777</ccc>
