<result>
  <store number="3" total-profit="7320"/>
  <store number="2" total-profit="3030"/>
  <store number="1" total-profit="2100"/>
</result>
